# Representative localized bootstrap: German Rev 1
# ARM7TDMI / ARM state

08000204 <.text>:
 8000204:      	mov	r0, #18
 8000208:      	msr	CPSR_fc, r0
 800020c:      	ldr	sp, [pc, #0x28]         @ 0x800023c <.text+0x38>
 8000210:      	mov	r0, #31
 8000214:      	msr	CPSR_fc, r0
 8000218:      	ldr	sp, [pc, #0x18]         @ 0x8000238 <.text+0x34>
 800021c:      	ldr	r1, [pc, #0x150]        @ 0x8000374 <.text+0x170>
 8000220:      	add	r0, pc, #24
 8000224:      	str	r0, [r1]
 8000228:      	ldr	r1, [pc, #0x148]        @ 0x8000378 <.text+0x174>
 800022c:      	mov	lr, pc
 8000230:      	bx	r1
 8000234:      	b	0x8000204 <.text>       @ imm = #-0x38

# literals 0x08000238..0x0800023F
# 0x08000238 = 0x03007E60
# 0x0800023C = 0x03007FA0

08000240 <.text>:
 8000240:      	mov	r3, #67108864
 8000244:      	add	r3, r3, #512
 8000248:      	ldr	r2, [r3]
 800024c:      	ldrh	r1, [r3, #8]
 8000250:      	mrs	r0, spsr
 8000254:      	push	{r0, r1, r2, r3, lr}
 8000258:      	mov	r0, #1
 800025c:      	strh	r0, [r3, #8]
 8000260:      	and	r1, r2, r2, lsr #16
 8000264:      	mov	r12, #0
 8000268:      	ands	r0, r1, #128
 800026c:      	bne	0x8000310 <.text+0xd0>  @ imm = #0x9c
 8000270:      	add	r12, r12, #4
 8000274:      	ands	r0, r1, #64
 8000278:      	bne	0x8000310 <.text+0xd0>  @ imm = #0x90
 800027c:      	add	r12, r12, #4
 8000280:      	ands	r0, r1, #2
 8000284:      	bne	0x8000310 <.text+0xd0>  @ imm = #0x84
 8000288:      	add	r12, r12, #4
 800028c:      	ands	r0, r1, #1
 8000290:      	bne	0x8000310 <.text+0xd0>  @ imm = #0x78
 8000294:      	add	r12, r12, #4
 8000298:      	ands	r0, r1, #4
 800029c:      	bne	0x8000310 <.text+0xd0>  @ imm = #0x6c
 80002a0:      	add	r12, r12, #4
 80002a4:      	ands	r0, r1, #8
 80002a8:      	bne	0x8000310 <.text+0xd0>  @ imm = #0x60
 80002ac:      	add	r12, r12, #4
 80002b0:      	ands	r0, r1, #16
 80002b4:      	bne	0x8000310 <.text+0xd0>  @ imm = #0x54
 80002b8:      	add	r12, r12, #4
 80002bc:      	ands	r0, r1, #32
 80002c0:      	bne	0x8000310 <.text+0xd0>  @ imm = #0x48
 80002c4:      	add	r12, r12, #4
 80002c8:      	ands	r0, r1, #256
 80002cc:      	bne	0x8000310 <.text+0xd0>  @ imm = #0x3c
 80002d0:      	add	r12, r12, #4
 80002d4:      	ands	r0, r1, #512
 80002d8:      	bne	0x8000310 <.text+0xd0>  @ imm = #0x30
 80002dc:      	add	r12, r12, #4
 80002e0:      	ands	r0, r1, #1024
 80002e4:      	bne	0x8000310 <.text+0xd0>  @ imm = #0x24
 80002e8:      	add	r12, r12, #4
 80002ec:      	ands	r0, r1, #2048
 80002f0:      	bne	0x8000310 <.text+0xd0>  @ imm = #0x18
 80002f4:      	add	r12, r12, #4
 80002f8:      	ands	r0, r1, #4096
 80002fc:      	bne	0x8000310 <.text+0xd0>  @ imm = #0xc
 8000300:      	add	r12, r12, #4
 8000304:      	ands	r0, r1, #8192
 8000308:      	strbne	r0, [r3, #-0x17c]
 800030c:      	bne	0x800030c <.text+0xcc>  @ imm = #-0x8
 8000310:      	strh	r0, [r3, #2]
 8000314:      	mov	r1, #194
 8000318:      	bic	r2, r2, r0
 800031c:      	and	r1, r1, r2
 8000320:      	strh	r1, [r3]
 8000324:      	mrs	r3, apsr
 8000328:      	bic	r3, r3, #223
 800032c:      	orr	r3, r3, #31
 8000330:      	msr	CPSR_fc, r3
 8000334:      	ldr	r1, [pc, #0x40]         @ 0x800037c <.text+0x13c>
 8000338:      	add	r1, r1, r12
 800033c:      	ldr	r0, [r1]
 8000340:      	stmdb	sp!, {lr}
 8000344:      	add	lr, pc, #0
 8000348:      	bx	r0
 800034c:      	ldm	sp!, {lr}
 8000350:      	mrs	r3, apsr
 8000354:      	bic	r3, r3, #223
 8000358:      	orr	r3, r3, #146
 800035c:      	msr	CPSR_fc, r3
 8000360:      	pop	{r0, r1, r2, r3, lr}
 8000364:      	strh	r2, [r3]
 8000368:      	strh	r1, [r3, #8]
 800036c:      	msr	SPSR_fc, r0
 8000370:      	bx	lr

# literals 0x08000374..0x0800037F
# 0x08000374 = 0x03007FFC
# 0x08000378 = 0x08000381
# 0x0800037C = 0x03001BC0
